// Jest Snapshot v1, https://goo.gl/fbAQLP

exports[`Feature: Aside Component for my account Scenario: Rendering When ecommerce is disabled Then it should match snapshot 1`] = `
<div
  className="cmp-my-account__aside-wrapper"
  data-locator="my-account-wrapper"
>
  <div
    className="cmp-title"
    data-locator="title"
  >
    <h1
      className="cmp-title__text"
      data-locator="title-text"
    >
      
    </h1>
    <div
      className="cmp-title__print"
      data-locator="title-print"
    >
      
    </div>
    <div
      className="cmp-accent-rule"
    >
      <hr />
    </div>
  </div>
  <div
    className="cmp-my-account__aside-links"
    data-locator="my-account-links"
  >
    <div
      className="tile"
      data-locator="my-account-tile"
    >
      <div
        className="tile__title"
        data-locator="my-account-title-tile"
      >
        Account Information
      </div>
      <div
        className="tile__links"
        data-locator="my-account-tile-links"
      >
        <a
          data-locator="profile"
          href="/profile"
          onClick={[Function]}
        >
          Profile
        </a>
        <a
          data-locator="password"
          href="/changepassword"
          onClick={[Function]}
        >
          Password
        </a>
      </div>
    </div>
    <div
      className="tile"
      data-locator="my-account-tile"
    >
      <div
        className="tile__title"
        data-locator="my-account-title-tile"
      >
        Orders
      </div>
      <div
        className="tile__links"
        data-locator="my-account-tile-links"
      >
        <a
          data-locator="order-history"
          href="/orderhistory"
          onClick={[Function]}
        >
          Order History
        </a>
      </div>
    </div>
    <div
      className="tile"
      data-locator="my-account-tile"
    >
      <div
        className="tile__title"
        data-locator="my-account-title-tile"
      >
        Additional Links
      </div>
      <div
        className="tile__links"
        data-locator="my-account-tile-links"
      >
        <a
          data-locator="my-implementations"
          href="https://www.waters.com/waters/nav.htm?cid=2243096"
          onClick={[Function]}
        >
          My Implementations
        </a>
        <a
          data-locator="support-plans"
          href="https://www.waters.com/waters/nav.htm?cid=2243124"
          onClick={[Function]}
        >
          Support Plans
        </a>
        <a
          data-locator="contact-waters"
          href="https://www.waters.com/waters/localeRedirect.htm?type=contact_us"
          onClick={[Function]}
        >
          Contact Waters
        </a>
      </div>
    </div>
  </div>
  <div
    className="cmp-my-account__aside-content"
    data-locator="my-account-aside-content"
  />
</div>
`;

exports[`Feature: Aside Component for my account Scenario: Rendering When no link is active Then it should match snapshot 1`] = `
<div
  className="cmp-my-account__aside-wrapper"
  data-locator="my-account-wrapper"
>
  <div
    className="cmp-title"
    data-locator="title"
  >
    <h1
      className="cmp-title__text"
      data-locator="title-text"
    >
      
    </h1>
    <div
      className="cmp-title__print"
      data-locator="title-print"
    >
      
    </div>
    <div
      className="cmp-accent-rule"
    >
      <hr />
    </div>
  </div>
  <div
    className="cmp-my-account__aside-links"
    data-locator="my-account-links"
  >
    <div
      className="tile"
      data-locator="my-account-tile"
    >
      <div
        className="tile__title"
        data-locator="my-account-title-tile"
      >
        Account Information
      </div>
      <div
        className="tile__links"
        data-locator="my-account-tile-links"
      >
        <a
          data-locator="profile"
          href="/profile"
          onClick={[Function]}
        >
          Profile
        </a>
        <a
          data-locator="password"
          href="/changepassword"
          onClick={[Function]}
        >
          Password
        </a>
      </div>
    </div>
    <div
      className="tile"
      data-locator="my-account-tile"
    >
      <div
        className="tile__title"
        data-locator="my-account-title-tile"
      >
        Orders
      </div>
      <div
        className="tile__links"
        data-locator="my-account-tile-links"
      >
        <a
          data-locator="order-history"
          href="/orderhistory"
          onClick={[Function]}
        >
          Order History
        </a>
      </div>
    </div>
    <div
      className="tile"
      data-locator="my-account-tile"
    >
      <div
        className="tile__title"
        data-locator="my-account-title-tile"
      >
        Additional Links
      </div>
      <div
        className="tile__links"
        data-locator="my-account-tile-links"
      >
        <a
          data-locator="my-implementations"
          href="https://www.waters.com/waters/nav.htm?cid=2243096"
          onClick={[Function]}
        >
          My Implementations
        </a>
        <a
          data-locator="support-plans"
          href="https://www.waters.com/waters/nav.htm?cid=2243124"
          onClick={[Function]}
        >
          Support Plans
        </a>
        <a
          data-locator="contact-waters"
          href="https://www.waters.com/waters/localeRedirect.htm?type=contact_us"
          onClick={[Function]}
        >
          Contact Waters
        </a>
      </div>
    </div>
  </div>
  <div
    className="cmp-my-account__aside-content"
    data-locator="my-account-aside-content"
  />
</div>
`;

exports[`Feature: Aside Component for my account Scenario: Rendering When password link is active Then it should match snapshot 1`] = `
<div
  className="cmp-my-account__aside-wrapper"
  data-locator="my-account-wrapper"
>
  <div
    className="cmp-title"
    data-locator="title"
  >
    <h1
      className="cmp-title__text"
      data-locator="title-text"
    >
      
    </h1>
    <div
      className="cmp-title__print"
      data-locator="title-print"
    >
      
    </div>
    <div
      className="cmp-accent-rule"
    >
      <hr />
    </div>
  </div>
  <div
    className="cmp-my-account__aside-links"
    data-locator="my-account-links"
  >
    <div
      className="tile"
      data-locator="my-account-tile"
    >
      <div
        className="tile__title"
        data-locator="my-account-title-tile"
      >
        Account Information
      </div>
      <div
        className="tile__links"
        data-locator="my-account-tile-links"
      >
        <a
          data-locator="profile"
          href="/profile"
          onClick={[Function]}
        >
          Profile
        </a>
        <a
          data-locator="password"
          href="/changepassword"
          onClick={[Function]}
        >
          Password
        </a>
      </div>
    </div>
    <div
      className="tile"
      data-locator="my-account-tile"
    >
      <div
        className="tile__title"
        data-locator="my-account-title-tile"
      >
        Orders
      </div>
      <div
        className="tile__links"
        data-locator="my-account-tile-links"
      >
        <a
          data-locator="order-history"
          href="/orderhistory"
          onClick={[Function]}
        >
          Order History
        </a>
      </div>
    </div>
    <div
      className="tile"
      data-locator="my-account-tile"
    >
      <div
        className="tile__title"
        data-locator="my-account-title-tile"
      >
        Additional Links
      </div>
      <div
        className="tile__links"
        data-locator="my-account-tile-links"
      >
        <a
          data-locator="my-implementations"
          href="https://www.waters.com/waters/nav.htm?cid=2243096"
          onClick={[Function]}
        >
          My Implementations
        </a>
        <a
          data-locator="support-plans"
          href="https://www.waters.com/waters/nav.htm?cid=2243124"
          onClick={[Function]}
        >
          Support Plans
        </a>
        <a
          data-locator="contact-waters"
          href="https://www.waters.com/waters/localeRedirect.htm?type=contact_us"
          onClick={[Function]}
        >
          Contact Waters
        </a>
      </div>
    </div>
  </div>
  <div
    className="cmp-my-account__aside-content"
    data-locator="my-account-aside-content"
  />
</div>
`;

exports[`Feature: Aside Component for my account Scenario: Rendering When profile link is active Then it should match snapshot 1`] = `
<div
  className="cmp-my-account__aside-wrapper"
  data-locator="my-account-wrapper"
>
  <div
    className="cmp-title"
    data-locator="title"
  >
    <h1
      className="cmp-title__text"
      data-locator="title-text"
    >
      
    </h1>
    <div
      className="cmp-title__print"
      data-locator="title-print"
    >
      
    </div>
    <div
      className="cmp-accent-rule"
    >
      <hr />
    </div>
  </div>
  <div
    className="cmp-my-account__aside-links"
    data-locator="my-account-links"
  >
    <div
      className="tile"
      data-locator="my-account-tile"
    >
      <div
        className="tile__title"
        data-locator="my-account-title-tile"
      >
        Account Information
      </div>
      <div
        className="tile__links"
        data-locator="my-account-tile-links"
      >
        <a
          data-locator="profile"
          href="/profile"
          onClick={[Function]}
        >
          Profile
        </a>
        <a
          data-locator="password"
          href="/changepassword"
          onClick={[Function]}
        >
          Password
        </a>
      </div>
    </div>
    <div
      className="tile"
      data-locator="my-account-tile"
    >
      <div
        className="tile__title"
        data-locator="my-account-title-tile"
      >
        Orders
      </div>
      <div
        className="tile__links"
        data-locator="my-account-tile-links"
      >
        <a
          data-locator="order-history"
          href="/orderhistory"
          onClick={[Function]}
        >
          Order History
        </a>
      </div>
    </div>
    <div
      className="tile"
      data-locator="my-account-tile"
    >
      <div
        className="tile__title"
        data-locator="my-account-title-tile"
      >
        Additional Links
      </div>
      <div
        className="tile__links"
        data-locator="my-account-tile-links"
      >
        <a
          data-locator="my-implementations"
          href="https://www.waters.com/waters/nav.htm?cid=2243096"
          onClick={[Function]}
        >
          My Implementations
        </a>
        <a
          data-locator="support-plans"
          href="https://www.waters.com/waters/nav.htm?cid=2243124"
          onClick={[Function]}
        >
          Support Plans
        </a>
        <a
          data-locator="contact-waters"
          href="https://www.waters.com/waters/localeRedirect.htm?type=contact_us"
          onClick={[Function]}
        >
          Contact Waters
        </a>
      </div>
    </div>
  </div>
  <div
    className="cmp-my-account__aside-content"
    data-locator="my-account-aside-content"
  />
</div>
`;
