// Jest Snapshot v1, https://goo.gl/fbAQLP

exports[`Feature: My Account Component Scenario: Rendering When ecommerce is not disabled Then the snapshot should match 1`] = `
<div
  className="cmp-my-account-wrapper"
>
  <div
    className="cmp-title"
    data-locator="title"
  >
    <h1
      className="cmp-title__text"
      data-locator="title-text"
    >
      My Account
    </h1>
    <div
      className="cmp-title__print"
      data-locator="title-print"
    >
      My Account
    </div>
    <div
      className="cmp-accent-rule"
    >
      <hr />
    </div>
  </div>
  <div
    className="cmp-my-account__body"
  >
    Find all the resources and tools you need to manage your Waters account online. 
  </div>
  <div
    className="cmp-my-account__tiles"
  >
    <div
      className="tile"
      data-locator="my-account-tiles"
    >
      <div
        className="cmp-linktile"
        data-locator="my-account-tile-linktile"
      >
        <div
          className="cmp-linktile-column"
        >
          <div
            className="cmp-linktile--icon"
            data-locator="account-information-icon"
          />
        </div>
        <div
          className="cmp-linktile-column"
        >
          <div
            className="cmp-linktile--title"
            data-locator="account-information"
          >
            Account Information
          </div>
          <div
            className="cmp-linktile--links"
          >
            <a
              className="cmp-linktile--link"
              data-locator="my-account-profile"
              href="#profile"
              onClick={[Function]}
            >
              Profile
            </a>
          </div>
          <div
            className="cmp-linktile--links"
          >
            <a
              className="cmp-linktile--link"
              data-locator="my-account-password"
              href="#changepassword"
              onClick={[Function]}
            >
              Password
            </a>
          </div>
        </div>
      </div>
      <div
        className="cmp-linktile"
        data-locator="my-account-tile-linktile"
      >
        <div
          className="cmp-linktile-column"
        >
          <div
            className="cmp-linktile--icon"
            data-locator="orders-and-quotes-icon"
          />
        </div>
        <div
          className="cmp-linktile-column"
        >
          <div
            className="cmp-linktile--title"
            data-locator="orders-and-quotes"
          >
            Orders and Quotes
          </div>
          <div
            className="cmp-linktile--links"
          >
            <a
              className="cmp-linktile--link"
              data-locator="my-account-order-history"
              href="#orderhistory"
              onClick={[Function]}
            >
              Order History
            </a>
          </div>
          <div
            className="cmp-linktile--links"
          />
          <div
            className="cmp-linktile--links"
          >
            <a
              className="cmp-linktile--link"
              data-locator="my-account-quote-history"
              href="#quotehistory"
              onClick={[Function]}
            >
              Quote History
            </a>
          </div>
          <div
            className="cmp-linktile--links"
          />
        </div>
      </div>
      <div
        className="cmp-linktile"
        data-locator="my-account-tile-linktile"
      >
        <div
          className="cmp-linktile-column"
        >
          <div
            className="cmp-linktile--icon"
            data-locator="additional-links-icon"
          />
        </div>
        <div
          className="cmp-linktile-column"
        >
          <div
            className="cmp-linktile--title"
            data-locator="additional-links"
          >
            Additional Links
          </div>
          <div
            className="cmp-linktile--links"
          >
            <a
              className="cmp-linktile--link"
              data-locator="my-account-my-implementations"
              href="https://www.waters.com/waters/nav.htm?cid=2243096"
              onClick={[Function]}
            >
              My Implementations
            </a>
          </div>
          <div
            className="cmp-linktile--links"
          >
            <a
              className="cmp-linktile--link"
              data-locator="my-account-support-plans"
              href="https://www.waters.com/waters/nav.htm?cid=2243124"
              onClick={[Function]}
            >
              Support Plans
            </a>
          </div>
          <div
            className="cmp-linktile--links"
          >
            <a
              className="cmp-linktile--link"
              data-locator="my-account-contact-waters"
              href="https://www.waters.com/waters/localeRedirect.htm?type=contact_us"
              onClick={[Function]}
            >
              Contact Waters
            </a>
          </div>
        </div>
      </div>
    </div>
  </div>
</div>
`;

exports[`Feature: My Account Component Scenario: Rendering when ecommerce is disabled Then the snapshot should match 1`] = `
<div
  className="cmp-my-account-wrapper"
>
  <div
    className="cmp-title"
    data-locator="title"
  >
    <h1
      className="cmp-title__text"
      data-locator="title-text"
    >
      My Account
    </h1>
    <div
      className="cmp-title__print"
      data-locator="title-print"
    >
      My Account
    </div>
    <div
      className="cmp-accent-rule"
    >
      <hr />
    </div>
  </div>
  <div
    className="cmp-my-account__body"
  >
    Find all the resources and tools you need to manage your Waters account online. 
  </div>
  <div
    className="cmp-my-account__tiles"
  >
    <div
      className="tile"
      data-locator="my-account-tiles"
    >
      <div
        className="cmp-linktile"
        data-locator="my-account-tile-linktile"
      >
        <div
          className="cmp-linktile-column"
        >
          <div
            className="cmp-linktile--icon"
            data-locator="account-information-icon"
          />
        </div>
        <div
          className="cmp-linktile-column"
        >
          <div
            className="cmp-linktile--title"
            data-locator="account-information"
          >
            Account Information
          </div>
          <div
            className="cmp-linktile--links"
          >
            <a
              className="cmp-linktile--link"
              data-locator="my-account-profile"
              href="#profile"
              onClick={[Function]}
            >
              Profile
            </a>
          </div>
          <div
            className="cmp-linktile--links"
          >
            <a
              className="cmp-linktile--link"
              data-locator="my-account-password"
              href="#changepassword"
              onClick={[Function]}
            >
              Password
            </a>
          </div>
        </div>
      </div>
      <div
        className="cmp-linktile"
        data-locator="my-account-tile-linktile"
      >
        <div
          className="cmp-linktile-column"
        >
          <div
            className="cmp-linktile--icon"
            data-locator="orders-and-quotes-icon"
          />
        </div>
        <div
          className="cmp-linktile-column"
        >
          <div
            className="cmp-linktile--title"
            data-locator="orders-and-quotes"
          >
            Orders and Quotes
          </div>
          <div
            className="cmp-linktile--links"
          >
            <a
              className="cmp-linktile--link"
              data-locator="my-account-order-history"
              href="#orderhistory"
              onClick={[Function]}
            >
              Order History
            </a>
          </div>
          <div
            className="cmp-linktile--links"
          />
          <div
            className="cmp-linktile--links"
          >
            <a
              className="cmp-linktile--link"
              data-locator="my-account-quote-history"
              href="#quotehistory"
              onClick={[Function]}
            >
              Quote History
            </a>
          </div>
          <div
            className="cmp-linktile--links"
          />
        </div>
      </div>
      <div
        className="cmp-linktile"
        data-locator="my-account-tile-linktile"
      >
        <div
          className="cmp-linktile-column"
        >
          <div
            className="cmp-linktile--icon"
            data-locator="additional-links-icon"
          />
        </div>
        <div
          className="cmp-linktile-column"
        >
          <div
            className="cmp-linktile--title"
            data-locator="additional-links"
          >
            Additional Links
          </div>
          <div
            className="cmp-linktile--links"
          >
            <a
              className="cmp-linktile--link"
              data-locator="my-account-my-implementations"
              href="https://www.waters.com/waters/nav.htm?cid=2243096"
              onClick={[Function]}
            >
              My Implementations
            </a>
          </div>
          <div
            className="cmp-linktile--links"
          >
            <a
              className="cmp-linktile--link"
              data-locator="my-account-support-plans"
              href="https://www.waters.com/waters/nav.htm?cid=2243124"
              onClick={[Function]}
            >
              Support Plans
            </a>
          </div>
          <div
            className="cmp-linktile--links"
          >
            <a
              className="cmp-linktile--link"
              data-locator="my-account-contact-waters"
              href="https://www.waters.com/waters/localeRedirect.htm?type=contact_us"
              onClick={[Function]}
            >
              Contact Waters
            </a>
          </div>
        </div>
      </div>
    </div>
  </div>
</div>
`;
