// Jest Snapshot v1, https://goo.gl/fbAQLP

exports[`Feature: Sign In Form Scenario: Rendering When initial render Then the snapshot should match 1`] = `
<form
  className="cmp-form cmp-form--registration "
  data-locator="form-component"
  onSubmit={[Function]}
>
  <div
    className="cmp-form-field cmp-form-field-email"
  >
    <label
      className=""
      data-locator="email-address"
      htmlFor="email"
    >
      Email Address
      <span
        className="cmp-form-field--required"
      >
        *
      </span>
    </label>
    <div
      className="cmp-form-field--input"
    >
      <input
        aria-label="email"
        aria-labelledby="email"
        aria-required={true}
        className=""
        data-locator="email"
        id="email"
        name="email"
        onBlur={[Function]}
        onChange={[Function]}
        onFocus={[Function]}
        placeholder=" "
        type="email"
      />
      <div
        className="cmp-form-field--icons"
      >
        <div
          className="valid-icon"
        />
        <div
          className="invalid-icon"
        />
      </div>
    </div>
    <span
      className="cmp-form-field--errorText"
    >
      
    </span>
  </div>
  <div
    className="cmp-form-field cmp-form-field-password"
  >
    <label
      className=""
      data-locator="password"
      htmlFor="password"
    >
      Password
      <span
        className="cmp-form-field--required"
      >
        *
      </span>
    </label>
    <div
      className="cmp-form-field--input"
    >
      <input
        aria-label="password"
        aria-labelledby="password"
        aria-required={true}
        className=""
        data-locator="password"
        id="password"
        name="password"
        onBlur={[Function]}
        onChange={[Function]}
        onFocus={[Function]}
        placeholder=" "
        type="password"
      />
      <div
        className="cmp-form-field--icons"
      >
        <div
          className="showHide-icon toggled"
          onMouseDown={[Function]}
        />
        <div
          className="showHideOff-icon"
          onMouseDown={[Function]}
        />
        <div
          className="valid-icon"
        />
        <div
          className="invalid-icon"
        />
      </div>
    </div>
    <span
      className="cmp-form-field--errorText"
    >
      
    </span>
  </div>
  <div
    className="cmp-form-field cmp-form-field-link"
  >
    <div
      className="cmp-form-field-link--forgotPassword "
    >
      <a
        data-locator="having-trouble-signing-in?"
        href="/nextgen/be.html"
        rel="noopener noreferrer"
        target=""
      >
        Having trouble signing in?
      </a>
    </div>
  </div>
  <button
    className="cmp-button cmp-button--no-border cmp-form--submit"
    data-locator="form-submit"
    type="submit"
  >
    SIGN IN
  </button>
</form>
`;
