// Jest Snapshot v1, https://goo.gl/fbAQLP

exports[`Feature: Detail Tiles Component Scenario Render Tile and check snapshots When notification is not present Then the snapshot should match 1`] = `
<div
  className="cmp-detail-tiles-list--tile no-address"
  id="tileDetailsTile"
>
  <div
    className="cmp-detail-tiles-list--tile-noAddress"
  >
    <div
      className="cmp-detail-tiles-list--tile-noAddress--title"
    >
      There are no tiles, add one now.
    </div>
    <div
      className="cmp-detail-tiles--add"
    >
      <div
        className="cmp-detail-tiles--add-icon"
      />
      <div
        className="cmp-detail-tiles--add-title"
      >
        Add New Detail Tile
      </div>
    </div>
  </div>
</div>
`;

exports[`Feature: Detail Tiles Component Scenario Render Tile and check snapshots When notification is present Then the snapshot should match 1`] = `
<div
  className="cmp-detail-tiles-list--tile no-address"
  id="tileDetailsTile"
>
  <div
    className="cmp-detail-tiles-list--tile-noAddress"
  >
    <div
      className="cmp-detail-tiles-list--tile-noAddress--title"
    >
      There are no tiles, add one now.
    </div>
    <div
      className="cmp-detail-tiles--add"
    >
      <div
        className="cmp-detail-tiles--add-icon"
      />
      <div
        className="cmp-detail-tiles--add-title"
      >
        Add New Detail Tile
      </div>
    </div>
  </div>
</div>
`;

exports[`Feature: Detail Tiles Component Scenario Render Tile and check snapshots When tile is blank Then the snapshot should match 1`] = `
<div
  className="cmp-detail-tiles-list--tile no-address"
  id="tileDetailsTile"
>
  <div
    className="cmp-detail-tiles-list--tile-noAddress"
  >
    <div
      className="cmp-detail-tiles-list--tile-noAddress--title"
    >
      There are no tiles, add one now.
    </div>
    <div
      className="cmp-detail-tiles--add"
    >
      <div
        className="cmp-detail-tiles--add-icon"
      />
      <div
        className="cmp-detail-tiles--add-title"
      >
        Add New Detail Tile
      </div>
    </div>
  </div>
</div>
`;
